loading segments ...
segments: A=3030 B=3030

===== HUMAN  (N=1000 sessions, 10000 blocks) =====
  obs  intention slope -0.000425   p 0.00007   [paper -0.000425 p 0.000] MATCH
  obs  relax     slope +0.000109   p 0.85012   [paper +0.000109 p 0.851] diff
  uno  intention slope -0.000123   p 0.07410   [paper -0.000123 p 0.074] MATCH
  uno  relax     slope +0.000095   p 0.83221   [paper +0.000095 p 0.832] diff
  per-block observed Int-Rel: mean -0.000534 t=-3.007 d=-0.0301

===== AI  (N=1000 sessions, 10000 blocks) =====
  obs  intention slope -0.000021   p 0.43012   [paper -0.000021 p 0.430] MATCH
  obs  relax     slope -0.000151   p 0.09805   [paper -0.000151 p 0.098] MATCH
  uno  intention slope -0.000040   p 0.32499   [paper -0.000040 p 0.325] MATCH
  uno  relax     slope -0.000064   p 0.28709   [paper -0.000064 p 0.287] MATCH
  per-block observed Int-Rel: mean +0.000130 t=0.805 d=+0.0081

Q2 prefix-permutation, human arm, 1000 re-rolls of which sensor was 'shown':
  real shown-sensor intention slope -0.000425
  random-obs null mean -0.000272 SD 0.000069
  real sits at 1.60% percentile of null (~50% = pair effect only; ~<5% = truly shown-side)

Q3 material baseline: every segment, raw (not residualised) Int-Rel contrast
  series 1-1400     blocks  28000  mean -0.000294  SD 0.018553  d=-0.0159  t=-2.65  p=0.0080
C:\lulu\dives\notes\radin-rerun\check_lulu.py:146: SmallSampleWarning: One or more sample arguments is too small; all returned values will be NaN. See documentation for sample size requirements.
  t, p = ttest_1samp(dd, 0)
C:\lulu\dives\notes\radin-rerun\check_lulu.py:147: RuntimeWarning: Mean of empty slice.
  print(f"  series {name:<10} blocks {len(dd):>6}  mean {dd.mean():+.6f}  "
C:\lulu-apps\Python311\Lib\site-packages\numpy\core\_methods.py:129: RuntimeWarning: invalid value encountered in scalar divide
  ret = ret.dtype.type(ret / rcount)
C:\lulu-apps\Python311\Lib\site-packages\numpy\core\_methods.py:206: RuntimeWarning: Degrees of freedom <= 0 for slice
  ret = _var(a, axis=axis, dtype=dtype, out=out, ddof=ddof,
C:\lulu-apps\Python311\Lib\site-packages\numpy\core\_methods.py:163: RuntimeWarning: invalid value encountered in divide
  arrmean = um.true_divide(arrmean, div, out=arrmean,
C:\lulu-apps\Python311\Lib\site-packages\numpy\core\_methods.py:198: RuntimeWarning: invalid value encountered in scalar divide
  ret = ret.dtype.type(ret / rcount)
C:\lulu\dives\notes\radin-rerun\check_lulu.py:148: RuntimeWarning: Mean of empty slice.
  f"SD {dd.std():.6f}  d={dd.mean()/dd.std():+.4f}  t={t:.2f}  p={p:.4f}")
  series 1401-1999  blocks      0  mean +nan  SD nan  d=+nan  t=nan  p=nan
  series 4000+      blocks  32600  mean +0.000034  SD 0.015181  d=+0.0022  t=0.40  p=0.6880

Q3b played segments: per-session raw Int-Rel, by series family
  human  base 1-1400  n= 823  mean Int-Rel -0.000529  d=-0.0903  p=0.0098
  human  4000+        n= 177  mean Int-Rel -0.000557  d=-0.1137  p=0.1334
  ai     base 1-1400  n= 233  mean Int-Rel -0.000347  d=-0.0562  p=0.3931
  ai     4000+        n= 767  mean Int-Rel +0.000274  d=+0.0556  p=0.1241

DONE
